<ul><li>My name is Anna and I'm 27 years old</li></ul>
<ol><li>My name is Anna and I'm 27 years old</li></ol>