<!DOCTYPE html>
<html lang="en">
<head>
<title></title>
</head>
<body>

<p>Some content</p>

<p>Here is more here</p>

</body>
</html>