<!DOCTYPE html>
<html lang="en">
<head>
    <meta charset="UTF-8">
    <meta name="viewport" content="width=device-width, initial-scale=1.0">
    <title>Textwire is Awesome</title>
</head>
<body>
    <h2>This is nice</h2>
    <p>Lorem, ipsum dolor sit amet consectetur adipisicing elit. Nesciunt, vero</p>
</body>
</html>