<!DOCTYPE html>
<html lang="en">
<head>
<title>Home page</title>
</head>
<body>
<h1>Home page</h1><p>Some content</p>
</body>
</html>