<!DOCTYPE html>
<html lang="en">
<head>
    <meta charset="UTF-8">
    <meta name="viewport" content="width=device-width, initial-scale=1.0">
    <title>Test Page</title>
</head>
<body>
    <h2>Test Page</h2>
    <ul>
        <li>Anna Korotchaeva</li>
        <li>Serhii Cho</li>
    </ul>
</body>
</html>