<body>
<section>
<header>Header</header>

<h1>This is the title</h1>
<h2>Subtitle</h2>
<p>Some paragraph</p>
<img src="https://via.placeholder.com/150" alt="Placeholder image">

<footer>Footer</footer>
</section>
</body>