<ul>
    
        <li>Anna 012</li>
    
        <li>Serhii 012</li>
    
        <li>Vladimir 012</li>
    
</ul>

<ul>
    
        <li>1: Anna</li>
    
        <li>2: Serhii</li>
    
        <li>3: Vladimir</li>
    
</ul>