<ul><li data-name="Anna">Anna</li><li data-name="Serhii">Serhii</li><li data-name="Vladimir">Vladimir</li></ul>