<h1>Some title is here</h1>
<p>Some content is here</p>



